{
    "test - faa_fasta": {
        "content": [
            [
                {
                    "0": [
                        [
                            {
                                "id": "test",
                                "single_end": false
                            },
                            "test.tsv:md5,4811a328a2106e963e1df157704b763f"
                        ]
                    ],
                    "1": [
                        "versions.yml:md5,21e7c01365c64d6213f1a566e70d6c69"
                    ],
                    "tsv": [
                        [
                            {
                                "id": "test",
                                "single_end": false
                            },
                            "test.tsv:md5,4811a328a2106e963e1df157704b763f"
                        ]
                    ],
                    "versions": [
                        "versions.yml:md5,21e7c01365c64d6213f1a566e70d6c69"
                    ]
                },
                [
                    "versions.yml:md5,21e7c01365c64d6213f1a566e70d6c69"
                ]
            ]
        ],
        "meta": {
            "nf-test": "0.9.0",
            "nextflow": "24.04.4"
        },
        "timestamp": "2024-09-05T16:25:04.56578"
    },
    "test - faa_fasta - stub": {
        "content": [
            [
                [
                    "versions.yml:md5,21e7c01365c64d6213f1a566e70d6c69"
                ]
            ]
        ],
        "meta": {
            "nf-test": "0.9.0",
            "nextflow": "24.04.4"
        },
        "timestamp": "2024-09-05T16:25:07.522059"
    }
}