{
    "assembly_decontamination - multiple samples": {
        "content": [
            [
                [
                    {
                        "id": "sample1",
                        "phix_reference": "phyx",
                        "human_reference": "human",
                        "contaminant_reference": null
                    },
                    "sample1.fa.gz:md5,a9e09e2aa32fa94543bab203db8c65e2"
                ],
                [
                    {
                        "id": "sample2",
                        "phix_reference": null,
                        "human_reference": null,
                        "contaminant_reference": "contamination"
                    },
                    "sample2.fa.gz:md5,e94629f8dec8ddd183beaae566c95c3f"
                ]
            ],
            [
                {
                    "ASSEMBLY_DECONTAMINATION:HOST_DECONTAMINATE_CONTIGS:SEQKIT_GREP": {
                        "seqkit": "2.9.0"
                    }
                },
                {
                    "ASSEMBLY_DECONTAMINATION:HOST_DECONTAMINATE_CONTIGS:FILTERPAF": {
                        "gawk": "5.3.0"
                    }
                },
                {
                    "ASSEMBLY_DECONTAMINATION:HOST_DECONTAMINATE_CONTIGS:MINIMAP2_ALIGN": {
                        "minimap2": "2.29-r1283",
                        "samtools": 1.21
                    }
                },
                {
                    "ASSEMBLY_DECONTAMINATION:PHIX_DECONTAMINATE_CONTIGS:MINIMAP2_ALIGN": {
                        "minimap2": "2.29-r1283",
                        "samtools": 1.21
                    }
                },
                {
                    "ASSEMBLY_DECONTAMINATION:HUMAN_DECONTAMINATE_CONTIGS:FILTERPAF": {
                        "gawk": "5.3.0"
                    }
                },
                {
                    "ASSEMBLY_DECONTAMINATION:PHIX_DECONTAMINATE_CONTIGS:FILTERPAF": {
                        "gawk": "5.3.0"
                    }
                },
                {
                    "ASSEMBLY_DECONTAMINATION:HUMAN_DECONTAMINATE_CONTIGS:SEQKIT_GREP": {
                        "seqkit": "2.9.0"
                    }
                },
                {
                    "ASSEMBLY_DECONTAMINATION:HUMAN_DECONTAMINATE_CONTIGS:MINIMAP2_ALIGN": {
                        "minimap2": "2.29-r1283",
                        "samtools": 1.21
                    }
                },
                {
                    "ASSEMBLY_DECONTAMINATION:PHIX_DECONTAMINATE_CONTIGS:SEQKIT_GREP": {
                        "seqkit": "2.9.0"
                    }
                }
            ]
        ],
        "meta": {
            "nf-test": "0.9.0",
            "nextflow": "25.04.1"
        },
        "timestamp": "2025-08-05T16:11:25.408034"
    },
    "assembly_decontamination - phix only": {
        "content": [
            [
                [
                    {
                        "id": "test_sample_phix",
                        "phix_reference": "phyx",
                        "human_reference": null,
                        "contaminant_reference": null
                    },
                    "test_sample_phix.fa.gz:md5,99855030a1f86513a54dfbb7c4dfcb33"
                ]
            ],
            [
                {
                    "ASSEMBLY_DECONTAMINATION:PHIX_DECONTAMINATE_CONTIGS:MINIMAP2_ALIGN": {
                        "minimap2": "2.29-r1283",
                        "samtools": 1.21
                    }
                },
                {
                    "ASSEMBLY_DECONTAMINATION:PHIX_DECONTAMINATE_CONTIGS:FILTERPAF": {
                        "gawk": "5.3.0"
                    }
                },
                {
                    "ASSEMBLY_DECONTAMINATION:PHIX_DECONTAMINATE_CONTIGS:SEQKIT_GREP": {
                        "seqkit": "2.9.0"
                    }
                }
            ]
        ],
        "meta": {
            "nf-test": "0.9.0",
            "nextflow": "25.04.1"
        },
        "timestamp": "2025-08-05T16:11:08.355247"
    },
    "assembly_decontamination - host only": {
        "content": [
            [
                [
                    {
                        "id": "test_sample_host",
                        "phix_reference": null,
                        "human_reference": null,
                        "contaminant_reference": "contamination"
                    },
                    "test_sample_host.fa.gz:md5,e94629f8dec8ddd183beaae566c95c3f"
                ]
            ],
            [
                {
                    "ASSEMBLY_DECONTAMINATION:HOST_DECONTAMINATE_CONTIGS:SEQKIT_GREP": {
                        "seqkit": "2.9.0"
                    }
                },
                {
                    "ASSEMBLY_DECONTAMINATION:HOST_DECONTAMINATE_CONTIGS:FILTERPAF": {
                        "gawk": "5.3.0"
                    }
                },
                {
                    "ASSEMBLY_DECONTAMINATION:HOST_DECONTAMINATE_CONTIGS:MINIMAP2_ALIGN": {
                        "minimap2": "2.29-r1283",
                        "samtools": 1.21
                    }
                }
            ]
        ],
        "meta": {
            "nf-test": "0.9.0",
            "nextflow": "25.04.1"
        },
        "timestamp": "2025-08-05T16:11:17.964707"
    },
    "assembly_decontamination - all references": {
        "content": [
            [
                [
                    {
                        "id": "test_sample_all",
                        "phix_reference": "phyx",
                        "human_reference": "human",
                        "contaminant_reference": "contamination"
                    },
                    "test_sample_all.fa.gz:md5,25aa49239f327c6704ad4590eb1698c9"
                ]
            ],
            [
                {
                    "ASSEMBLY_DECONTAMINATION:HOST_DECONTAMINATE_CONTIGS:SEQKIT_GREP": {
                        "seqkit": "2.9.0"
                    }
                },
                {
                    "ASSEMBLY_DECONTAMINATION:HOST_DECONTAMINATE_CONTIGS:FILTERPAF": {
                        "gawk": "5.3.0"
                    }
                },
                {
                    "ASSEMBLY_DECONTAMINATION:HOST_DECONTAMINATE_CONTIGS:MINIMAP2_ALIGN": {
                        "minimap2": "2.29-r1283",
                        "samtools": 1.21
                    }
                },
                {
                    "ASSEMBLY_DECONTAMINATION:PHIX_DECONTAMINATE_CONTIGS:MINIMAP2_ALIGN": {
                        "minimap2": "2.29-r1283",
                        "samtools": 1.21
                    }
                },
                {
                    "ASSEMBLY_DECONTAMINATION:HUMAN_DECONTAMINATE_CONTIGS:FILTERPAF": {
                        "gawk": "5.3.0"
                    }
                },
                {
                    "ASSEMBLY_DECONTAMINATION:PHIX_DECONTAMINATE_CONTIGS:FILTERPAF": {
                        "gawk": "5.3.0"
                    }
                },
                {
                    "ASSEMBLY_DECONTAMINATION:HUMAN_DECONTAMINATE_CONTIGS:SEQKIT_GREP": {
                        "seqkit": "2.9.0"
                    }
                },
                {
                    "ASSEMBLY_DECONTAMINATION:HUMAN_DECONTAMINATE_CONTIGS:MINIMAP2_ALIGN": {
                        "minimap2": "2.29-r1283",
                        "samtools": 1.21
                    }
                },
                {
                    "ASSEMBLY_DECONTAMINATION:PHIX_DECONTAMINATE_CONTIGS:SEQKIT_GREP": {
                        "seqkit": "2.9.0"
                    }
                }
            ]
        ],
        "meta": {
            "nf-test": "0.9.0",
            "nextflow": "25.04.1"
        },
        "timestamp": "2025-08-05T16:11:02.969589"
    },
    "assembly_decontamination - human only": {
        "content": [
            [
                [
                    {
                        "id": "test_sample_human",
                        "phix_reference": null,
                        "human_reference": "human",
                        "contaminant_reference": null
                    },
                    "test_sample_human.fa.gz:md5,34ac8d3b788517e6aae1c5e7c63c720a"
                ]
            ],
            [
                {
                    "ASSEMBLY_DECONTAMINATION:HUMAN_DECONTAMINATE_CONTIGS:FILTERPAF": {
                        "gawk": "5.3.0"
                    }
                },
                {
                    "ASSEMBLY_DECONTAMINATION:HUMAN_DECONTAMINATE_CONTIGS:SEQKIT_GREP": {
                        "seqkit": "2.9.0"
                    }
                },
                {
                    "ASSEMBLY_DECONTAMINATION:HUMAN_DECONTAMINATE_CONTIGS:MINIMAP2_ALIGN": {
                        "minimap2": "2.29-r1283",
                        "samtools": 1.21
                    }
                }
            ]
        ],
        "meta": {
            "nf-test": "0.9.0",
            "nextflow": "25.04.1"
        },
        "timestamp": "2025-08-05T16:11:13.132533"
    }
}