{
    "gbk_prots_stub": {
        "content": [
            [
                [
                    {
                        "id": "test"
                    },
                    "test_from_gff.gbk:md5,d41d8cd98f00b204e9800998ecf8427e"
                ]
            ]
        ],
        "meta": {
            "nf-test": "0.9.3",
            "nextflow": "25.10.0"
        },
        "timestamp": "2026-02-10T12:42:14.377378"
    },
    "versions_bcbiogff_prots": {
        "content": null,
        "meta": {
            "nf-test": "0.9.3",
            "nextflow": "25.10.0"
        },
        "timestamp": "2026-02-10T12:42:11.171551"
    },
    "versions_biopython_noprots": {
        "content": null,
        "meta": {
            "nf-test": "0.9.3",
            "nextflow": "25.10.0"
        },
        "timestamp": "2026-02-10T12:42:18.935843"
    },
    "versions_bcbiogff_noprots_stub": {
        "content": null,
        "meta": {
            "nf-test": "0.9.3",
            "nextflow": "25.10.0"
        },
        "timestamp": "2026-02-10T12:42:22.176595"
    },
    "versions_biopython_prots": {
        "content": null,
        "meta": {
            "nf-test": "0.9.3",
            "nextflow": "25.10.0"
        },
        "timestamp": "2026-02-10T12:42:11.169839"
    },
    "versions_biopython_prots_stub": {
        "content": null,
        "meta": {
            "nf-test": "0.9.3",
            "nextflow": "25.10.0"
        },
        "timestamp": "2026-02-10T12:42:14.380924"
    },
    "versions_bcbiogff_prots_stub": {
        "content": null,
        "meta": {
            "nf-test": "0.9.3",
            "nextflow": "25.10.0"
        },
        "timestamp": "2026-02-10T12:42:14.383471"
    },
    "versions_bcbiogff_noprots": {
        "content": null,
        "meta": {
            "nf-test": "0.9.3",
            "nextflow": "25.10.0"
        },
        "timestamp": "2026-02-10T12:42:18.939795"
    },
    "versions_biopython_noprots_stub": {
        "content": null,
        "meta": {
            "nf-test": "0.9.3",
            "nextflow": "25.10.0"
        },
        "timestamp": "2026-02-10T12:42:22.173086"
    },
    "gbk_prots": {
        "content": [
            [
                [
                    {
                        "id": "test"
                    },
                    "test_from_gff.gbk:md5,71d06f262ebedd6750b598d3382b88b2"
                ]
            ]
        ],
        "meta": {
            "nf-test": "0.9.3",
            "nextflow": "25.10.0"
        },
        "timestamp": "2026-02-10T12:42:11.162143"
    }
}