{
    "hifiadapterfilt - fastq.gz": {
        "content": [
            [
                
            ]
        ],
        "meta": {
            "nf-test": "0.9.2",
            "nextflow": "24.10.1"
        },
        "timestamp": "2025-01-28T14:35:47.396170581"
    },
    "hifiadapterfilt - fastq.gz - stub": {
        "content": [
            {
                "0": [
                    [
                        {
                            "id": "SRR30463389"
                        },
                        "SRR30463389.filt.fastq.gz:md5,68b329da9893e34099c7d8ad5cb9c940"
                    ]
                ],
                "1": [
                    "SRR30463389.contaminant.blastout:md5,d41d8cd98f00b204e9800998ecf8427e"
                ],
                "2": [
                    "SRR30463389.stats:md5,d41d8cd98f00b204e9800998ecf8427e"
                ],
                "3": [
                    "SRR30463389.blocklist:md5,d41d8cd98f00b204e9800998ecf8427e"
                ],
                "4": [
                    "versions.yml:md5,2fbf3754b3f590ea1ef7d80105bb1333"
                ],
                "blast_search": [
                    "SRR30463389.contaminant.blastout:md5,d41d8cd98f00b204e9800998ecf8427e"
                ],
                "filt": [
                    [
                        {
                            "id": "SRR30463389"
                        },
                        "SRR30463389.filt.fastq.gz:md5,68b329da9893e34099c7d8ad5cb9c940"
                    ]
                ],
                "headers": [
                    "SRR30463389.blocklist:md5,d41d8cd98f00b204e9800998ecf8427e"
                ],
                "stats": [
                    "SRR30463389.stats:md5,d41d8cd98f00b204e9800998ecf8427e"
                ],
                "versions": [
                    "versions.yml:md5,2fbf3754b3f590ea1ef7d80105bb1333"
                ]
            }
        ],
        "meta": {
            "nf-test": "0.9.2",
            "nextflow": "24.10.1"
        },
        "timestamp": "2025-01-28T14:39:44.114567556"
    },
    "versions": {
        "content": [
            [
                "versions.yml:md5,2fbf3754b3f590ea1ef7d80105bb1333"
            ]
        ],
        "meta": {
            "nf-test": "0.9.2",
            "nextflow": "24.10.1"
        },
        "timestamp": "2025-01-28T14:35:47.439562906"
    }
}