{
    "test_sanntis": {
        "content": [
            {
                "0": [
                    
                ],
                "1": [
                    
                ],
                "gff": [
                    
                ],
                "versions": [
                    
                ]
            }
        ],
        "meta": {
            "nf-test": "0.9.0",
            "nextflow": "23.10.1"
        },
        "timestamp": "2024-09-03T17:12:10.719255"
    }
}