{
    "gff_cdd": {
        "content": [
            [
                [
                    {
                        "id": "test"
                    },
                    "test_pathofact2.gff:md5,f651d6bb6893fbe9836509f3d8cdcf47"
                ]
            ]
        ],
        "meta": {
            "nf-test": "0.9.3",
            "nextflow": "25.10.0"
        },
        "timestamp": "2026-01-28T16:26:56.066775"
    },
    "versions_ips_inv": {
        "content": [
            [
                [
                    "PATHOFACT2_INTEGRATOR",
                    "python",
                    "3.12.12"
                ]
            ]
        ],
        "meta": {
            "nf-test": "0.9.3",
            "nextflow": "25.10.0"
        },
        "timestamp": "2026-01-28T16:27:09.285697"
    },
    "versions_cdd_stub": {
        "content": [
            [
                [
                    "PATHOFACT2_INTEGRATOR",
                    "python",
                    "3.12.12"
                ]
            ]
        ],
        "meta": {
            "nf-test": "0.9.3",
            "nextflow": "25.10.0"
        },
        "timestamp": "2026-01-28T16:26:59.385777"
    },
    "versions_ips_stub": {
        "content": [
            [
                [
                    "PATHOFACT2_INTEGRATOR",
                    "python",
                    "3.12.12"
                ]
            ]
        ],
        "meta": {
            "nf-test": "0.9.3",
            "nextflow": "25.10.0"
        },
        "timestamp": "2026-01-28T16:27:05.964519"
    },
    "versions_cdd": {
        "content": [
            [
                [
                    "PATHOFACT2_INTEGRATOR",
                    "python",
                    "3.12.12"
                ]
            ]
        ],
        "meta": {
            "nf-test": "0.9.3",
            "nextflow": "25.10.0"
        },
        "timestamp": "2026-01-28T16:26:56.072423"
    },
    "gff_cdd_stub": {
        "content": [
            [
                [
                    {
                        "id": "test"
                    },
                    "test_pathofact2.gff:md5,d41d8cd98f00b204e9800998ecf8427e"
                ]
            ]
        ],
        "meta": {
            "nf-test": "0.9.3",
            "nextflow": "25.10.0"
        },
        "timestamp": "2026-01-28T16:26:59.382243"
    },
    "versions_ips": {
        "content": [
            [
                [
                    "PATHOFACT2_INTEGRATOR",
                    "python",
                    "3.12.12"
                ]
            ]
        ],
        "meta": {
            "nf-test": "0.9.3",
            "nextflow": "25.10.0"
        },
        "timestamp": "2026-01-28T16:27:02.807614"
    },
    "gff_ips_stub": {
        "content": [
            [
                [
                    {
                        "id": "test"
                    },
                    "test_pathofact2.gff:md5,d41d8cd98f00b204e9800998ecf8427e"
                ]
            ]
        ],
        "meta": {
            "nf-test": "0.9.3",
            "nextflow": "25.10.0"
        },
        "timestamp": "2026-01-28T16:27:05.959061"
    },
    "gff_ips": {
        "content": [
            [
                [
                    {
                        "id": "test"
                    },
                    "test_pathofact2.gff:md5,d1c40a829335469dd9dc70daa1485de9"
                ]
            ]
        ],
        "meta": {
            "nf-test": "0.9.3",
            "nextflow": "25.10.0"
        },
        "timestamp": "2026-01-28T16:27:02.80283"
    }
}