{
    "mapseq2biom_output_krona": {
        "content": [
            true
        ],
        "timestamp": "2026-03-30T10:43:22.61164",
        "meta": {
            "nf-test": "0.9.4",
            "nextflow": "25.10.4"
        }
    },
    "mapseq2biom_output_biom": {
        "content": [
            true
        ],
        "timestamp": "2026-03-30T10:43:22.613793",
        "meta": {
            "nf-test": "0.9.4",
            "nextflow": "25.10.4"
        }
    },
    "mapseq_output": {
        "content": [
            true
        ],
        "timestamp": "2026-03-30T10:43:22.606392",
        "meta": {
            "nf-test": "0.9.4",
            "nextflow": "25.10.4"
        }
    },
    "krona_output": {
        "content": [
            true
        ],
        "timestamp": "2026-03-30T10:43:22.62343",
        "meta": {
            "nf-test": "0.9.4",
            "nextflow": "25.10.4"
        }
    }
}