{
    "mapseq2biom_output_krona": {
        "content": [
            true
        ],
        "meta": {
            "nf-test": "0.8.4",
            "nextflow": "23.04.3"
        },
        "timestamp": "2024-04-18T12:06:53.987371352"
    },
    "mapseq2biom_output_biom": {
        "content": [
            true
        ],
        "meta": {
            "nf-test": "0.8.4",
            "nextflow": "23.04.3"
        },
        "timestamp": "2024-04-18T12:06:54.014873914"
    },
    "mapseq_output": {
        "content": [
            true
        ],
        "meta": {
            "nf-test": "0.9.2",
            "nextflow": "25.04.8"
        },
        "timestamp": "2026-01-20T10:41:40.760421"
    },
    "krona_output": {
        "content": [
            true
        ],
        "meta": {
            "nf-test": "0.8.4",
            "nextflow": "23.04.3"
        },
        "timestamp": "2024-04-18T12:06:54.050582264"
    }
}