{
    "single-end fastq - stub": {
        "content": [
            [
                [
                    {
                        "id": "test",
                        "single_end": true
                    },
                    "test_reformated.fastq.gz:md5,68b329da9893e34099c7d8ad5cb9c940"
                ]
            ],
            null
        ],
        "timestamp": "2026-04-22T14:39:36.107244",
        "meta": {
            "nf-test": "0.9.4",
            "nextflow": "25.10.4"
        }
    },
    "single-end fastq": {
        "content": [
            [
                [
                    {
                        "id": "test",
                        "single_end": true
                    },
                    "test_reformated.fastq.gz:md5,f6c13c1913cbfa82f77baff3410edde2"
                ]
            ],
            null
        ],
        "timestamp": "2026-04-22T14:39:32.383446",
        "meta": {
            "nf-test": "0.9.4",
            "nextflow": "25.10.4"
        }
    }
}