{
    "single-end fastq - stub": {
        "content": [
            [
                [
                    {
                        "id": "test",
                        "single_end": true
                    },
                    "test_reformated.fastq.gz:md5,68b329da9893e34099c7d8ad5cb9c940"
                ]
            ],
            [
                "versions.yml:md5,6fe14e39943391a0917b8dd06f90185f"
            ]
        ],
        "timestamp": "2026-04-21T11:12:26.129732",
        "meta": {
            "nf-test": "0.9.4",
            "nextflow": "25.10.4"
        }
    },
    "single-end fastq": {
        "content": [
            [
                [
                    {
                        "id": "test",
                        "single_end": true
                    },
                    "test_reformated.fastq.gz:md5,f6c13c1913cbfa82f77baff3410edde2"
                ]
            ],
            [
                "versions.yml:md5,6fe14e39943391a0917b8dd06f90185f"
            ]
        ],
        "timestamp": "2026-04-21T11:12:21.315977",
        "meta": {
            "nf-test": "0.9.4",
            "nextflow": "25.10.4"
        }
    }
}