{
    "proteins_test - positive prediction - ips": {
        "content": [
            [
                [
                    {
                        "id": "test"
                    },
                    "test_pathofact2.gff:md5,ea3d8767bbf7d1c1aa2ece9129b8da46"
                ]
            ],
            [
                "versions.yml:md5,4c287e9f30be1720656657df175453ef",
                "versions.yml:md5,b7b14f3beb179022a6344fd8862a02a5",
                "versions.yml:md5,d28a54bb3b80600719af443deaa51f93"
            ]
        ],
        "meta": {
            "nf-test": "0.9.3",
            "nextflow": "25.10.0"
        },
        "timestamp": "2026-02-02T16:03:59.245351"
    },
    "proteins_test - positive prediction - no ips, run cdd": {
        "content": [
            [
                
            ],
            [
                "versions.yml:md5,4c287e9f30be1720656657df175453ef",
                "versions.yml:md5,b7b14f3beb179022a6344fd8862a02a5",
                "versions.yml:md5,d28a54bb3b80600719af443deaa51f93"
            ]
        ],
        "meta": {
            "nf-test": "0.9.3",
            "nextflow": "25.10.0"
        },
        "timestamp": "2026-02-02T16:26:59.097205"
    }
}