{
    "Run DECONTAMINATE_CONTIGS swf - contaminated contigs input gz": {
        "content": [
            {
                "0": [
                    [
                        {
                            "id": "test"
                        },
                        "test_cleaned.fa.gz:md5,2e05937059d9329d7b8d56189c9d8c10"
                    ]
                ],
                "1": [
                    [
                        {
                            "id": "test"
                        },
                        "test_mapped.tsv.gz:md5,61a13fd953b5d6868d93639968a4b705"
                    ]
                ],
                "2": [
                    [
                        {
                            "id": "test"
                        },
                        "test_mapped_mqc.tsv.gz:md5,61a13fd953b5d6868d93639968a4b705"
                    ]
                ],
                "3": [
                    "versions.yml:md5,09fc4b740617953bef77bfcc0833ecac",
                    "versions.yml:md5,168ddf5d2325c3dfe5959865ead422c3",
                    "versions.yml:md5,fbcc2bf4987f9f05018d9ffa49cb2d98"
                ],
                "cleaned_contigs": [
                    [
                        {
                            "id": "test"
                        },
                        "test_cleaned.fa.gz:md5,2e05937059d9329d7b8d56189c9d8c10"
                    ]
                ],
                "mapped_contigs_tsv": [
                    [
                        {
                            "id": "test"
                        },
                        "test_mapped.tsv.gz:md5,61a13fd953b5d6868d93639968a4b705"
                    ]
                ],
                "mapped_contigs_tsv_mqc": [
                    [
                        {
                            "id": "test"
                        },
                        "test_mapped_mqc.tsv.gz:md5,61a13fd953b5d6868d93639968a4b705"
                    ]
                ],
                "versions": [
                    "versions.yml:md5,09fc4b740617953bef77bfcc0833ecac",
                    "versions.yml:md5,168ddf5d2325c3dfe5959865ead422c3",
                    "versions.yml:md5,fbcc2bf4987f9f05018d9ffa49cb2d98"
                ]
            }
        ],
        "timestamp": "2026-09-11T14:05:45.166809",
        "meta": {
            "nf-test": "0.9.5",
            "nextflow": "26.04.1"
        }
    },
    "Run DECONTAMINATE_CONTIGS swf - uncontaminated contigs input": {
        "content": [
            {
                "0": [
                    [
                        {
                            "id": "test"
                        },
                        "test_cleaned.fa.gz:md5,2e05937059d9329d7b8d56189c9d8c10"
                    ]
                ],
                "1": [
                    
                ],
                "2": [
                    
                ],
                "3": [
                    "versions.yml:md5,09fc4b740617953bef77bfcc0833ecac",
                    "versions.yml:md5,168ddf5d2325c3dfe5959865ead422c3",
                    "versions.yml:md5,fbcc2bf4987f9f05018d9ffa49cb2d98"
                ],
                "cleaned_contigs": [
                    [
                        {
                            "id": "test"
                        },
                        "test_cleaned.fa.gz:md5,2e05937059d9329d7b8d56189c9d8c10"
                    ]
                ],
                "mapped_contigs_tsv": [
                    
                ],
                "mapped_contigs_tsv_mqc": [
                    
                ],
                "versions": [
                    "versions.yml:md5,09fc4b740617953bef77bfcc0833ecac",
                    "versions.yml:md5,168ddf5d2325c3dfe5959865ead422c3",
                    "versions.yml:md5,fbcc2bf4987f9f05018d9ffa49cb2d98"
                ]
            }
        ],
        "timestamp": "2026-09-11T14:05:50.790141",
        "meta": {
            "nf-test": "0.9.5",
            "nextflow": "26.04.1"
        }
    },
    "Run DECONTAMINATE_CONTIGS swf - uncontaminated contigs input gz": {
        "content": [
            {
                "0": [
                    [
                        {
                            "id": "test"
                        },
                        "test_cleaned.fa.gz:md5,2e05937059d9329d7b8d56189c9d8c10"
                    ]
                ],
                "1": [
                    
                ],
                "2": [
                    
                ],
                "3": [
                    "versions.yml:md5,09fc4b740617953bef77bfcc0833ecac",
                    "versions.yml:md5,168ddf5d2325c3dfe5959865ead422c3",
                    "versions.yml:md5,fbcc2bf4987f9f05018d9ffa49cb2d98"
                ],
                "cleaned_contigs": [
                    [
                        {
                            "id": "test"
                        },
                        "test_cleaned.fa.gz:md5,2e05937059d9329d7b8d56189c9d8c10"
                    ]
                ],
                "mapped_contigs_tsv": [
                    
                ],
                "mapped_contigs_tsv_mqc": [
                    
                ],
                "versions": [
                    "versions.yml:md5,09fc4b740617953bef77bfcc0833ecac",
                    "versions.yml:md5,168ddf5d2325c3dfe5959865ead422c3",
                    "versions.yml:md5,fbcc2bf4987f9f05018d9ffa49cb2d98"
                ]
            }
        ],
        "timestamp": "2026-09-11T14:05:56.439707",
        "meta": {
            "nf-test": "0.9.5",
            "nextflow": "26.04.1"
        }
    },
    "Run DECONTAMINATE_CONTIGS swf - contaminated contigs input": {
        "content": [
            {
                "0": [
                    [
                        {
                            "id": "test"
                        },
                        "test_cleaned.fa.gz:md5,2e05937059d9329d7b8d56189c9d8c10"
                    ]
                ],
                "1": [
                    [
                        {
                            "id": "test"
                        },
                        "test_mapped.tsv.gz:md5,61a13fd953b5d6868d93639968a4b705"
                    ]
                ],
                "2": [
                    [
                        {
                            "id": "test"
                        },
                        "test_mapped_mqc.tsv.gz:md5,61a13fd953b5d6868d93639968a4b705"
                    ]
                ],
                "3": [
                    "versions.yml:md5,09fc4b740617953bef77bfcc0833ecac",
                    "versions.yml:md5,168ddf5d2325c3dfe5959865ead422c3",
                    "versions.yml:md5,fbcc2bf4987f9f05018d9ffa49cb2d98"
                ],
                "cleaned_contigs": [
                    [
                        {
                            "id": "test"
                        },
                        "test_cleaned.fa.gz:md5,2e05937059d9329d7b8d56189c9d8c10"
                    ]
                ],
                "mapped_contigs_tsv": [
                    [
                        {
                            "id": "test"
                        },
                        "test_mapped.tsv.gz:md5,61a13fd953b5d6868d93639968a4b705"
                    ]
                ],
                "mapped_contigs_tsv_mqc": [
                    [
                        {
                            "id": "test"
                        },
                        "test_mapped_mqc.tsv.gz:md5,61a13fd953b5d6868d93639968a4b705"
                    ]
                ],
                "versions": [
                    "versions.yml:md5,09fc4b740617953bef77bfcc0833ecac",
                    "versions.yml:md5,168ddf5d2325c3dfe5959865ead422c3",
                    "versions.yml:md5,fbcc2bf4987f9f05018d9ffa49cb2d98"
                ]
            }
        ],
        "timestamp": "2026-09-11T14:05:39.532573",
        "meta": {
            "nf-test": "0.9.5",
            "nextflow": "26.04.1"
        }
    }
}