{
    "Run DECONTAMINATE_CONTIGS swf - fasta input": {
        "content": [
            {
                "0": [
                    
                ],
                "1": [
                    
                ],
                "cleaned_contigs": [
                    
                ],
                "versions": [
                    
                ]
            }
        ],
        "meta": {
            "nf-test": "0.9.2",
            "nextflow": "25.04.2"
        },
        "timestamp": "2025-05-27T16:21:03.421845"
    },
    "Run DECONTAMINATE_CONTIGS swf - fasta.gz input": {
        "content": [
            {
                "0": [
                    
                ],
                "1": [
                    
                ],
                "cleaned_contigs": [
                    
                ],
                "versions": [
                    
                ]
            }
        ],
        "meta": {
            "nf-test": "0.9.2",
            "nextflow": "25.04.2"
        },
        "timestamp": "2025-05-27T16:21:05.053688"
    }
}