{
    "goslim_swf": {
        "content": [
            {
                "0": [
                    [
                        {
                            "id": "test",
                            "single_end": false
                        },
                        "test_summary.tsv:md5,c24ea2f0b0763052a18190b77a61bd42"
                    ]
                ],
                "1": [
                    [
                        {
                            "id": "test",
                            "single_end": false
                        },
                        "test_summary_slim.tsv:md5,c2ce302a04dd3cfa52488edf0b08744a"
                    ]
                ],
                "2": [
                    "versions.yml:md5,0323ab46c987d80493636b8a432b9820",
                    "versions.yml:md5,f6e2866f09ba01e338afa2498db3a12e",
                    "versions.yml:md5,f7674bdfeee9a4d98dbb33e474dd7a68"
                ],
                "go_summary": [
                    [
                        {
                            "id": "test",
                            "single_end": false
                        },
                        "test_summary.tsv:md5,c24ea2f0b0763052a18190b77a61bd42"
                    ]
                ],
                "goslim_summary": [
                    [
                        {
                            "id": "test",
                            "single_end": false
                        },
                        "test_summary_slim.tsv:md5,c2ce302a04dd3cfa52488edf0b08744a"
                    ]
                ],
                "versions": [
                    "versions.yml:md5,0323ab46c987d80493636b8a432b9820",
                    "versions.yml:md5,f6e2866f09ba01e338afa2498db3a12e",
                    "versions.yml:md5,f7674bdfeee9a4d98dbb33e474dd7a68"
                ]
            }
        ],
        "timestamp": "2026-07-10T15:39:15.908154",
        "meta": {
            "nf-test": "0.9.5",
            "nextflow": "26.04.3"
        }
    }
}