{
    "goslim_swf": {
        "content": [
            {
                "0": [
                    [
                        {
                            "id": "test",
                            "single_end": false
                        },
                        "test_summary.tsv:md5,c24ea2f0b0763052a18190b77a61bd42"
                    ]
                ],
                "1": [
                    [
                        {
                            "id": "test",
                            "single_end": false
                        },
                        "test_summary_slim.tsv:md5,c2ce302a04dd3cfa52488edf0b08744a"
                    ]
                ],
                "2": [
                    "versions.yml:md5,9803d78712ef1091ff5f785e34209e66",
                    "versions.yml:md5,ba96e7433636f8b76ab87a3c196129da",
                    "versions.yml:md5,f7674bdfeee9a4d98dbb33e474dd7a68"
                ],
                "go_summary": [
                    [
                        {
                            "id": "test",
                            "single_end": false
                        },
                        "test_summary.tsv:md5,c24ea2f0b0763052a18190b77a61bd42"
                    ]
                ],
                "goslim_summary": [
                    [
                        {
                            "id": "test",
                            "single_end": false
                        },
                        "test_summary_slim.tsv:md5,c2ce302a04dd3cfa52488edf0b08744a"
                    ]
                ],
                "versions": [
                    "versions.yml:md5,9803d78712ef1091ff5f785e34209e66",
                    "versions.yml:md5,ba96e7433636f8b76ab87a3c196129da",
                    "versions.yml:md5,f7674bdfeee9a4d98dbb33e474dd7a68"
                ]
            }
        ],
        "meta": {
            "nf-test": "0.9.2",
            "nextflow": "24.10.5"
        },
        "timestamp": "2025-03-27T22:28:53.816878"
    }
}