{
    "versions_stub": {
        "content": [
            [
                [
                    "PATHOFACT2_EXTRACTFASTA",
                    "python",
                    "3.12.12"
                ]
            ]
        ],
        "meta": {
            "nf-test": "0.9.3",
            "nextflow": "25.10.0"
        },
        "timestamp": "2026-01-26T10:35:22.863859"
    },
    "fasta_file_stub": {
        "content": [
            [
                [
                    {
                        "id": "test"
                    },
                    "test_pathofact2.fasta:md5,d41d8cd98f00b204e9800998ecf8427e"
                ]
            ]
        ],
        "meta": {
            "nf-test": "0.9.3",
            "nextflow": "25.10.0"
        },
        "timestamp": "2026-01-26T10:35:22.856231"
    },
    "versions": {
        "content": [
            [
                [
                    "PATHOFACT2_EXTRACTFASTA",
                    "python",
                    "3.12.12"
                ]
            ]
        ],
        "meta": {
            "nf-test": "0.9.3",
            "nextflow": "25.10.0"
        },
        "timestamp": "2026-01-26T10:35:19.685155"
    },
    "versions_empty": {
        "content": [
            [
                [
                    "PATHOFACT2_EXTRACTFASTA",
                    "python",
                    "3.12.12"
                ]
            ]
        ],
        "meta": {
            "nf-test": "0.9.3",
            "nextflow": "25.10.0"
        },
        "timestamp": "2026-01-26T10:36:50.782146"
    },
    "versions_empty_stub": {
        "content": [
            [
                [
                    "PATHOFACT2_EXTRACTFASTA",
                    "python",
                    "3.12.12"
                ]
            ]
        ],
        "meta": {
            "nf-test": "0.9.3",
            "nextflow": "25.10.0"
        },
        "timestamp": "2026-01-26T10:36:53.867109"
    },
    "tsv_file_stub": {
        "content": [
            [
                [
                    {
                        "id": "test"
                    },
                    "test_support.tsv:md5,d41d8cd98f00b204e9800998ecf8427e"
                ]
            ]
        ],
        "meta": {
            "nf-test": "0.9.3",
            "nextflow": "25.10.0"
        },
        "timestamp": "2026-01-26T10:35:22.8602"
    },
    "fasta_file": {
        "content": [
            [
                [
                    {
                        "id": "test"
                    },
                    "test_pathofact2.fasta:md5,c27ab6512579280e9cd3bda57b4c2b4d"
                ]
            ]
        ],
        "meta": {
            "nf-test": "0.9.3",
            "nextflow": "25.10.0"
        },
        "timestamp": "2026-01-26T10:35:19.677422"
    },
    "tsv_file": {
        "content": [
            [
                [
                    {
                        "id": "test"
                    },
                    "test_support.tsv:md5,497f0091f4abaca9a647fc255e85d8cd"
                ]
            ]
        ],
        "meta": {
            "nf-test": "0.9.3",
            "nextflow": "25.10.0"
        },
        "timestamp": "2026-01-26T10:35:19.683053"
    }
}