{
    "versions": {
        "content": [
            [
                "versions.yml:md5,cfb91b02c61394ebf3a823094a610492"
            ]
        ],
        "timestamp": "2025-03-19T13:37:59.141979"
    },
    "stub": {
        "content": [
            {
                "0": [
                    [
                        {
                            "id": "test",
                            "single_end": false
                        },
                        "test.cmscan_matches.tbl.gz:md5,7029066c27ac6f5ef18d660d5741979a"
                    ]
                ],
                "1": [
                    "versions.yml:md5,cfb91b02c61394ebf3a823094a610492"
                ],
                "cmscan_tbl": [
                    [
                        {
                            "id": "test",
                            "single_end": false
                        },
                        "test.cmscan_matches.tbl.gz:md5,7029066c27ac6f5ef18d660d5741979a"
                    ]
                ],
                "versions": [
                    "versions.yml:md5,cfb91b02c61394ebf3a823094a610492"
                ]
            }
        ],
        "timestamp": "2025-03-19T13:38:07.236497"
    }
}