{
    "summarise gos with interproscan tsv": {
        "content": [
            {
                "0": [
                    [
                        {
                            "id": "test",
                            "single_end": false
                        },
                        "test_summary.tsv:md5,c24ea2f0b0763052a18190b77a61bd42"
                    ]
                ],
                "1": [
                    [
                        {
                            "id": "test",
                            "single_end": false
                        },
                        "test_summary_slim.tsv:md5,c2ce302a04dd3cfa52488edf0b08744a"
                    ]
                ],
                "2": [
                    "versions.yml:md5,5d476cb39e35c0120bdc2d5c03999771"
                ],
                "go_summary": [
                    [
                        {
                            "id": "test",
                            "single_end": false
                        },
                        "test_summary.tsv:md5,c24ea2f0b0763052a18190b77a61bd42"
                    ]
                ],
                "goslim_summary": [
                    [
                        {
                            "id": "test",
                            "single_end": false
                        },
                        "test_summary_slim.tsv:md5,c2ce302a04dd3cfa52488edf0b08744a"
                    ]
                ],
                "versions": [
                    "versions.yml:md5,5d476cb39e35c0120bdc2d5c03999771"
                ]
            }
        ],
        "timestamp": "2026-07-10T15:42:08.107457",
        "meta": {
            "nf-test": "0.9.5",
            "nextflow": "26.04.3"
        }
    },
    "summarise gos with interproscan tsv - stub": {
        "content": [
            {
                "0": [
                    [
                        {
                            "id": "test",
                            "single_end": false
                        },
                        "test_summary.tsv:md5,d41d8cd98f00b204e9800998ecf8427e"
                    ]
                ],
                "1": [
                    [
                        {
                            "id": "test",
                            "single_end": false
                        },
                        "test_summary_slim.tsv:md5,d41d8cd98f00b204e9800998ecf8427e"
                    ]
                ],
                "2": [
                    "versions.yml:md5,5d476cb39e35c0120bdc2d5c03999771"
                ],
                "go_summary": [
                    [
                        {
                            "id": "test",
                            "single_end": false
                        },
                        "test_summary.tsv:md5,d41d8cd98f00b204e9800998ecf8427e"
                    ]
                ],
                "goslim_summary": [
                    [
                        {
                            "id": "test",
                            "single_end": false
                        },
                        "test_summary_slim.tsv:md5,d41d8cd98f00b204e9800998ecf8427e"
                    ]
                ],
                "versions": [
                    "versions.yml:md5,5d476cb39e35c0120bdc2d5c03999771"
                ]
            }
        ],
        "timestamp": "2026-07-10T15:42:11.34532",
        "meta": {
            "nf-test": "0.9.5",
            "nextflow": "26.04.3"
        }
    }
}