{
    "combinedgenecaller merge without a maskfile": {
        "content": [
            {
                "0": [
                    [
                        {
                            "id": "test",
                            "single_end": false
                        },
                        "test.faa.gz:md5,06161453ab0bcfa75285c2b4cdcaf5d4"
                    ]
                ],
                "1": [
                    [
                        {
                            "id": "test",
                            "single_end": false
                        },
                        "test.ffn.gz:md5,b02b98154ab052350adad8b21d9fd074"
                    ]
                ],
                "2": [
                    [
                        {
                            "id": "test",
                            "single_end": false
                        },
                        "test.gff.gz:md5,774a5966f0cef53d3b17d4b5f432128e"
                    ]
                ],
                "3": [
                    "versions.yml:md5,3fbac5e6bb7a54832348e1a9267d7b71"
                ],
                "faa": [
                    [
                        {
                            "id": "test",
                            "single_end": false
                        },
                        "test.faa.gz:md5,06161453ab0bcfa75285c2b4cdcaf5d4"
                    ]
                ],
                "ffn": [
                    [
                        {
                            "id": "test",
                            "single_end": false
                        },
                        "test.ffn.gz:md5,b02b98154ab052350adad8b21d9fd074"
                    ]
                ],
                "gff": [
                    [
                        {
                            "id": "test",
                            "single_end": false
                        },
                        "test.gff.gz:md5,774a5966f0cef53d3b17d4b5f432128e"
                    ]
                ],
                "versions": [
                    "versions.yml:md5,3fbac5e6bb7a54832348e1a9267d7b71"
                ]
            }
        ],
        "meta": {
            "nf-test": "0.9.2",
            "nextflow": "25.10.2"
        },
        "timestamp": "2026-01-13T22:56:07.329831"
    },
    "combinedgenecaller merge with a maskfile": {
        "content": [
            {
                "0": [
                    [
                        {
                            "id": "test",
                            "single_end": false
                        },
                        "test.faa.gz:md5,06161453ab0bcfa75285c2b4cdcaf5d4"
                    ]
                ],
                "1": [
                    [
                        {
                            "id": "test",
                            "single_end": false
                        },
                        "test.ffn.gz:md5,b02b98154ab052350adad8b21d9fd074"
                    ]
                ],
                "2": [
                    [
                        {
                            "id": "test",
                            "single_end": false
                        },
                        "test.gff.gz:md5,774a5966f0cef53d3b17d4b5f432128e"
                    ]
                ],
                "3": [
                    "versions.yml:md5,3fbac5e6bb7a54832348e1a9267d7b71"
                ],
                "faa": [
                    [
                        {
                            "id": "test",
                            "single_end": false
                        },
                        "test.faa.gz:md5,06161453ab0bcfa75285c2b4cdcaf5d4"
                    ]
                ],
                "ffn": [
                    [
                        {
                            "id": "test",
                            "single_end": false
                        },
                        "test.ffn.gz:md5,b02b98154ab052350adad8b21d9fd074"
                    ]
                ],
                "gff": [
                    [
                        {
                            "id": "test",
                            "single_end": false
                        },
                        "test.gff.gz:md5,774a5966f0cef53d3b17d4b5f432128e"
                    ]
                ],
                "versions": [
                    "versions.yml:md5,3fbac5e6bb7a54832348e1a9267d7b71"
                ]
            }
        ],
        "meta": {
            "nf-test": "0.9.2",
            "nextflow": "25.10.2"
        },
        "timestamp": "2026-01-13T22:56:17.411419"
    }
}