{
    "Run KRONA_TXT_FROM_CAT_CLASSIFICATION module - test dataset": {
        "content": [
            {
                "0": [
                    [
                        {
                            "id": "test"
                        },
                        "test.krona.txt:md5,62e1bcaac47b979cafb7364cdc48eafa"
                    ]
                ],
                "1": [
                    "versions.yml:md5,c00b3368cbc9903a43cc612f18be4311"
                ],
                "krona_txt": [
                    [
                        {
                            "id": "test"
                        },
                        "test.krona.txt:md5,62e1bcaac47b979cafb7364cdc48eafa"
                    ]
                ],
                "versions": [
                    "versions.yml:md5,c00b3368cbc9903a43cc612f18be4311"
                ]
            }
        ],
        "meta": {
            "nf-test": "0.9.2",
            "nextflow": "24.10.5"
        },
        "timestamp": "2025-03-25T14:26:22.938346"
    },
    "Run KRONA_TXT_FROM_CAT_CLASSIFICATION module - stub": {
        "content": [
            {
                "0": [
                    [
                        {
                            "id": "test"
                        },
                        "test.krona.txt:md5,d41d8cd98f00b204e9800998ecf8427e"
                    ]
                ],
                "1": [
                    "versions.yml:md5,c00b3368cbc9903a43cc612f18be4311"
                ],
                "krona_txt": [
                    [
                        {
                            "id": "test"
                        },
                        "test.krona.txt:md5,d41d8cd98f00b204e9800998ecf8427e"
                    ]
                ],
                "versions": [
                    "versions.yml:md5,c00b3368cbc9903a43cc612f18be4311"
                ]
            }
        ],
        "meta": {
            "nf-test": "0.9.2",
            "nextflow": "24.10.5"
        },
        "timestamp": "2025-03-25T14:26:25.736553"
    }
}