{
    "gbk_input_json_out": {
        "content": [
            true
        ],
        "meta": {
            "nf-test": "0.8.4",
            "nextflow": "23.04.3"
        },
        "timestamp": "2024-06-28T11:32:59.693222906"
    },
    "gff_input_gbk_out": {
        "content": [
            true
        ],
        "meta": {
            "nf-test": "0.8.4",
            "nextflow": "23.04.3"
        },
        "timestamp": "2024-06-28T11:32:25.491985698"
    },
    "gbk_input_gbk_out": {
        "content": [
            true
        ],
        "meta": {
            "nf-test": "0.8.4",
            "nextflow": "23.04.3"
        },
        "timestamp": "2024-06-28T11:32:59.676282068"
    },
    "gff_input_json_out": {
        "content": [
            true
        ],
        "meta": {
            "nf-test": "0.8.4",
            "nextflow": "23.04.3"
        },
        "timestamp": "2024-06-28T11:32:25.521021989"
    },
    "stub_gbk": {
        "content": [
            [
                [
                    {
                        "id": "test",
                        "single_end": false
                    },
                    "test.gbk:md5,d41d8cd98f00b204e9800998ecf8427e"
                ]
            ]
        ],
        "meta": {
            "nf-test": "0.8.4",
            "nextflow": "23.04.3"
        },
        "timestamp": "2024-05-27T13:07:57.997518672"
    }
}