{
    "cgc assembly fasta and cmsearch mask file": {
        "content": [
            [
                "ADAGIHGSGVAATELAAAHRRMAQAWREQAEIQYSLAKQLYEGANEFEKTAWVIIISGIA",
                "LGVFTVAGLAFASPVGIATRIAFEAKRCQLLQKLINYFRTRGAQAASQRAGLPLAGRGAG",
                "QRDGLGVEAKSTGQQAGLGAAGKVAAVAPGAAPSVAATIGKATVVTTISGGVILGGADMP",
                "LYLPSWLPEQVVTCVAGHFPVGDEDAMRRLGDYWSDKAEWCREQAKIYDAKAAQRHQIQV",
                "RTGDAVEEAYQNLAQHFRSSADHMDTLAEQGYEGANGLEPQKWTYIGFAVILAWTLAHAA",
                "ITFAVGGAMEAYVAKMRTDTALRWAWSKMLQYLNGQQARLAAERGALRLAGKMVVIGALQ",
                "GGGHNAVVQLKHMDDGHRDTFDGKAAGIAGAAGGLGGRAGMLFGRWFGGRWVIPATTAML",
                "FLKAYNQQISKQPKQTGMLVAPDGQIQVGAVVEEQTIQQAPDAVIRDQKLFNELEKGEVL",
                "CKFKKETTQEEVLGQICRSLDGTLKVLYDKLTPEAYAKLEKIFNEIKANEKFAPITDDRH",
                "PDKLAYTDIATNMIYIRPKNQGIGFALTVLNEYLGHAEFKEPREALNEVLSPEATRFVEE",
                "ETVSLVKAKKFVVDILGVSNFMEFATDAFGGKSESVYAKEVKHIASLIASGELAKAVFI"
            ],
            [
                "##gff-version 3",
                "MGYA1\tPyrodigal\tCDS\t1\t126\t.\t+\t.\tID=MGYA1_1",
                "MGYA1\tPyrodigal\tCDS\t1223\t1894\t.\t+\t.\tID=MGYA1_2",
                "MGYA1\tPyrodigal\tCDS\t2446\t2682\t.\t+\t.\tID=MGYA1_3",
                "MGYA1\tPyrodigal\tCDS\t2985\t6581\t.\t+\t.\tID=MGYA1_4",
                "MGYA2\tPyrodigal\tCDS\t347\t931\t.\t-\t.\tID=MGYA2_1",
                "MGYA2\tPyrodigal\tCDS\t959\t1894\t.\t-\t.\tID=MGYA2_2",
                "MGYA3\tPyrodigal\tCDS\t2\t616\t.\t-\t.\tID=MGYA3_1",
                "MGYA3\tPyrodigal\tCDS\t719\t3562\t.\t+\t.\tID=MGYA3_2",
                "MGYA4\tPyrodigal\tCDS\t229\t579\t.\t+\t.\tID=MGYA4_1",
                "MGYA4\tPyrodigal\tCDS\t4935\t5108\t.\t+\t.\tID=MGYA4_5"
            ],
            [
                "AGCGTGGGCCGCGCGACCAGCACCGCGGAACTGCTGGTGCAGGGCGAAGATGAAGCGGTG",
                "CCGGCGAAAAAAACCAAAACCATTGTGAGCACCGCGCAGATTACCCAGACCACCAACCAG",
                "GCGCGCGTGGAAAAAAAAATTCAGGCGCATTTTGATGCGCGCAGCGATGCGACCGCGGAA",
                "ATGACCGATGAAGCGCCGAAATTTCTGCAGCCGCTGCAGAGCGTGGTGGCGCTGGAAGGC",
                "AGCGCGGCGACCGAAGAAGCGCGCATTAGCGGCTTTCCGGTGCCGGAAGTGAGCTGGTTT",
                "CGCGATGGCCAGGTGCTGAGCGCGGCGGCGCCGCCGGGCGTGCAGATTAGCTTTAGCGAT",
                "GGCCGCGCGAAACTGATGATTCCGGCGGTGAGCACCGCGAACAGCGGCCGCTATAGCGTG",
                "CGCGCGACCAACGGCGCGGGCCAGGCGACCAGCACCGCGGAACTGCTGGTGACCGCGGAA",
                "ACCGCGATGCCGAACTTTACCCAGCGCCTGCAGAGCACCACCGCGCGCCAGGGCAGCCAG",
                "GTGCGCTTTGATATTCGCGTGAACGGCATTCCGACCCCGGTGGTGAAATTTTATCGCTGG",
                "GGCGCGGAAATTCAGAGCAGCCATGATTTTCAGATTATTCAGGATGCGGATCTGTATAGC"
            ]
        ],
        "meta": {
            "nf-test": "0.9.0",
            "nextflow": "25.04.1"
        },
        "timestamp": "2026-01-14T13:06:21.277835"
    },
    "cgc assembly fasta": {
        "content": [
            [
                "ADAGIHGSGVAATELAAAHRRMAQAWREQAEIQYSLAKQLYEGANEFEKTAWVIIISGIA",
                "LGVFTVAGLAFASPVGIATRIAFEAKRCQLLQKLINYFRTRGAQAASQRAGLPLAGRGAG",
                "QRDGLGVEAKSTGQQAGLGAAGKVAAVAPGAAPSVAATIGKATVVTTISGGVILGGADMP",
                "LYLPSWLPEQVVTCVAGHFPVGDEDAMRRLGDYWSDKAEWCREQAKIYDAKAAQRHQIQV",
                "RTGDAVEEAYQNLAQHFRSSADHMDTLAEQGYEGANGLEPQKWTYIGFAVILAWTLAHAA",
                "ITFAVGGAMEAYVAKMRTDTALRWAWSKMLQYLNGQQARLAAERGALRLAGKMVVIGALQ",
                "GGGHNAVVQLKHMDDGHRDTFDGKAAGIAGAAGGLGGRAGMLFGRWFGGRWVIPATTAML",
                "FLKAYNQQISKQPKQTGMLVAPDGQIQVGAVVEEQTIQQAPDAVIRDQKLFNELEKGEVL",
                "CKFKKETTQEEVLGQICRSLDGTLKVLYDKLTPEAYAKLEKIFNEIKANEKFAPITDDRH",
                "PDKLAYTDIATNMIYIRPKNQGIGFALTVLNEYLGHAEFKEPREALNEVLSPEATRFVEE",
                "ETVSLVKAKKFVVDILGVSNFMEFATDAFGGKSESVYAKEVKHIASLIASGELAKAVFI"
            ],
            [
                "##gff-version 3",
                "MGYA1\tPyrodigal\tCDS\t1\t126\t.\t+\t.\tID=MGYA1_1",
                "MGYA1\tPyrodigal\tCDS\t1223\t1894\t.\t+\t.\tID=MGYA1_2",
                "MGYA1\tPyrodigal\tCDS\t2446\t2682\t.\t+\t.\tID=MGYA1_3",
                "MGYA1\tPyrodigal\tCDS\t2985\t6581\t.\t+\t.\tID=MGYA1_4",
                "MGYA2\tPyrodigal\tCDS\t347\t931\t.\t-\t.\tID=MGYA2_1",
                "MGYA2\tPyrodigal\tCDS\t959\t1894\t.\t-\t.\tID=MGYA2_2",
                "MGYA3\tPyrodigal\tCDS\t2\t616\t.\t-\t.\tID=MGYA3_1",
                "MGYA3\tPyrodigal\tCDS\t719\t3562\t.\t+\t.\tID=MGYA3_2",
                "MGYA4\tPyrodigal\tCDS\t229\t579\t.\t+\t.\tID=MGYA4_1",
                "MGYA4\tPyrodigal\tCDS\t4935\t5108\t.\t+\t.\tID=MGYA4_5"
            ],
            [
                "AGCGTGGGCCGCGCGACCAGCACCGCGGAACTGCTGGTGCAGGGCGAAGATGAAGCGGTG",
                "CCGGCGAAAAAAACCAAAACCATTGTGAGCACCGCGCAGATTACCCAGACCACCAACCAG",
                "GCGCGCGTGGAAAAAAAAATTCAGGCGCATTTTGATGCGCGCAGCGATGCGACCGCGGAA",
                "ATGACCGATGAAGCGCCGAAATTTCTGCAGCCGCTGCAGAGCGTGGTGGCGCTGGAAGGC",
                "AGCGCGGCGACCGAAGAAGCGCGCATTAGCGGCTTTCCGGTGCCGGAAGTGAGCTGGTTT",
                "CGCGATGGCCAGGTGCTGAGCGCGGCGGCGCCGCCGGGCGTGCAGATTAGCTTTAGCGAT",
                "GGCCGCGCGAAACTGATGATTCCGGCGGTGAGCACCGCGAACAGCGGCCGCTATAGCGTG",
                "CGCGCGACCAACGGCGCGGGCCAGGCGACCAGCACCGCGGAACTGCTGGTGACCGCGGAA",
                "ACCGCGATGCCGAACTTTACCCAGCGCCTGCAGAGCACCACCGCGCGCCAGGGCAGCCAG",
                "GTGCGCTTTGATATTCGCGTGAACGGCATTCCGACCCCGGTGGTGAAATTTTATCGCTGG",
                "GGCGCGGAAATTCAGAGCAGCCATGATTTTCAGATTATTCAGGATGCGGATCTGTATAGC"
            ]
        ],
        "meta": {
            "nf-test": "0.9.0",
            "nextflow": "25.04.1"
        },
        "timestamp": "2026-01-14T13:06:06.4451"
    }
}