{
    "cgc assembly fasta - stub": {
        "content": [
            {
                "0": [
                    [
                        {
                            "id": "test",
                            "single_end": false
                        },
                        "test.faa.gz:md5,d41d8cd98f00b204e9800998ecf8427e"
                    ]
                ],
                "1": [
                    [
                        {
                            "id": "test",
                            "single_end": false
                        },
                        "test.ffn.gz:md5,d41d8cd98f00b204e9800998ecf8427e"
                    ]
                ],
                "2": [
                    "versions.yml:md5,6ce9415d5682dd2a5a1ad52ef05477a3",
                    "versions.yml:md5,a34f2510d6c7baad556ca16eb470e427",
                    "versions.yml:md5,a7e442f0c424e21b84670421a5ff383a"
                ],
                "faa": [
                    [
                        {
                            "id": "test",
                            "single_end": false
                        },
                        "test.faa.gz:md5,d41d8cd98f00b204e9800998ecf8427e"
                    ]
                ],
                "ffn": [
                    [
                        {
                            "id": "test",
                            "single_end": false
                        },
                        "test.ffn.gz:md5,d41d8cd98f00b204e9800998ecf8427e"
                    ]
                ],
                "versions": [
                    "versions.yml:md5,6ce9415d5682dd2a5a1ad52ef05477a3",
                    "versions.yml:md5,a34f2510d6c7baad556ca16eb470e427",
                    "versions.yml:md5,a7e442f0c424e21b84670421a5ff383a"
                ]
            }
        ],
        "meta": {
            "nf-test": "0.9.2",
            "nextflow": "24.10.4"
        },
        "timestamp": "2025-02-12T14:34:29.057129"
    },
    "cgc assembly fasta and cmsearch mask file": {
        "content": [
            {
                "0": [
                    [
                        {
                            "id": "test",
                            "single_end": false
                        },
                        "test.faa.gz:md5,3ea1767188a55caac221cab6f352b702"
                    ]
                ],
                "1": [
                    [
                        {
                            "id": "test",
                            "single_end": false
                        },
                        "test.ffn.gz:md5,c94d43216aa15fe3e4266b5dca09153d"
                    ]
                ],
                "2": [
                    "versions.yml:md5,6ce9415d5682dd2a5a1ad52ef05477a3",
                    "versions.yml:md5,a34f2510d6c7baad556ca16eb470e427",
                    "versions.yml:md5,a7e442f0c424e21b84670421a5ff383a"
                ],
                "faa": [
                    [
                        {
                            "id": "test",
                            "single_end": false
                        },
                        "test.faa.gz:md5,3ea1767188a55caac221cab6f352b702"
                    ]
                ],
                "ffn": [
                    [
                        {
                            "id": "test",
                            "single_end": false
                        },
                        "test.ffn.gz:md5,c94d43216aa15fe3e4266b5dca09153d"
                    ]
                ],
                "versions": [
                    "versions.yml:md5,6ce9415d5682dd2a5a1ad52ef05477a3",
                    "versions.yml:md5,a34f2510d6c7baad556ca16eb470e427",
                    "versions.yml:md5,a7e442f0c424e21b84670421a5ff383a"
                ]
            }
        ],
        "meta": {
            "nf-test": "0.9.2",
            "nextflow": "24.10.4"
        },
        "timestamp": "2025-02-12T14:34:25.797345"
    },
    "cgc assembly fasta": {
        "content": [
            {
                "0": [
                    [
                        {
                            "id": "test",
                            "single_end": false
                        },
                        "test.faa.gz:md5,c6434a1ba5e2cf8a3ddbeb77e19b9d49"
                    ]
                ],
                "1": [
                    [
                        {
                            "id": "test",
                            "single_end": false
                        },
                        "test.ffn.gz:md5,212ee17697e730c66f5c874a738570f1"
                    ]
                ],
                "2": [
                    "versions.yml:md5,6ce9415d5682dd2a5a1ad52ef05477a3",
                    "versions.yml:md5,a34f2510d6c7baad556ca16eb470e427",
                    "versions.yml:md5,a7e442f0c424e21b84670421a5ff383a"
                ],
                "faa": [
                    [
                        {
                            "id": "test",
                            "single_end": false
                        },
                        "test.faa.gz:md5,c6434a1ba5e2cf8a3ddbeb77e19b9d49"
                    ]
                ],
                "ffn": [
                    [
                        {
                            "id": "test",
                            "single_end": false
                        },
                        "test.ffn.gz:md5,212ee17697e730c66f5c874a738570f1"
                    ]
                ],
                "versions": [
                    "versions.yml:md5,6ce9415d5682dd2a5a1ad52ef05477a3",
                    "versions.yml:md5,a34f2510d6c7baad556ca16eb470e427",
                    "versions.yml:md5,a7e442f0c424e21b84670421a5ff383a"
                ]
            }
        ],
        "meta": {
            "nf-test": "0.9.2",
            "nextflow": "24.10.4"
        },
        "timestamp": "2025-02-12T14:34:21.715536"
    }
}