{
    "test_interproscan": {
        "content": [
            {
                "0": [
                    
                ],
                "1": [
                    
                ],
                "2": [
                    
                ],
                "3": [
                    
                ],
                "4": [
                    
                ],
                "gff3": [
                    
                ],
                "json": [
                    
                ],
                "tsv": [
                    
                ],
                "versions": [
                    
                ],
                "xml": [
                    
                ]
            }
        ],
        "meta": {
            "nf-test": "0.8.4",
            "nextflow": "23.04.3"
        },
        "timestamp": "2024-06-18T16:36:38.815395527"
    }
}