{
    "Pathofact2 downloader - zenodo id": {
        "content": [
            [
                "Models.tar.gz:md5,52c93b16ca66cc07716c66a04bf9ea37"
            ],
            [
                [
                    "PATHOFACT2_DOWNLOADDATA",
                    "python",
                    "3.12.2"
                ]
            ]
        ],
        "meta": {
            "nf-test": "0.9.3",
            "nextflow": "25.10.0"
        },
        "timestamp": "2026-01-21T14:03:25.511889"
    },
    "Pathofact2 downloader - zenodo id - stub": {
        "content": [
            [
                "Models.tar.gz:md5,f50b84b1db4b83ba62ec1deacc69c260"
            ],
            [
                [
                    "PATHOFACT2_DOWNLOADDATA",
                    "python",
                    "3.12.2"
                ]
            ]
        ],
        "meta": {
            "nf-test": "0.9.3",
            "nextflow": "25.10.0"
        },
        "timestamp": "2026-01-21T14:03:30.989673"
    }
}