{
    "test_binette - stub": {
        "content": [
            [
                [
                    {
                        "id": "test"
                    },
                    "bin_1.fasta:md5,d41d8cd98f00b204e9800998ecf8427e"
                ]
            ],
            [
                [
                    {
                        "id": "test"
                    },
                    "final_bins_quality_reports.tsv:md5,d41d8cd98f00b204e9800998ecf8427e"
                ]
            ]
        ],
        "meta": {
            "nf-test": "0.9.0",
            "nextflow": "25.04.1"
        },
        "timestamp": "2025-07-28T11:00:49.893291"
    },
    "Should refine bins from FASTA input directories": {
        "content": [
            [
                [
                    {
                        "id": "test"
                    },
                    "bin_5.fa:md5,64cc2172b00c5accd60f10bbc96ea91a"
                ]
            ],
            [
                [
                    {
                        "id": "test"
                    },
                    "final_bins_quality_reports.tsv:md5,8b2381fadab2172048e56b86cabdf13a"
                ]
            ]
        ],
        "meta": {
            "nf-test": "0.9.0",
            "nextflow": "25.04.1"
        },
        "timestamp": "2025-07-28T11:00:20.28575"
    },
    "Should refine bins from TSV contig2bin tables": {
        "content": [
            [
                [
                    {
                        "id": "test"
                    },
                    "bin_5.fa:md5,64cc2172b00c5accd60f10bbc96ea91a"
                ]
            ],
            [
                [
                    {
                        "id": "test"
                    },
                    "final_bins_quality_reports.tsv:md5,8b2381fadab2172048e56b86cabdf13a"
                ]
            ]
        ],
        "meta": {
            "nf-test": "0.9.0",
            "nextflow": "25.04.1"
        },
        "timestamp": "2025-07-28T11:00:40.321487"
    }
}