{
    "Illumina single_end decontamination with MGYG000317500": {
        "content": [
            {
                "0": [
                    [
                        {
                            "id": "test",
                            "single_end": true
                        },
                        "test_interleaved.fq.gz:md5,d3e22fc7e4b3eaf6bb29f73c1db8ab67"
                    ]
                ],
                "1": [
                    "versions.yml:md5,98561f4229a379b4f71eef3c21e66b48",
                    "versions.yml:md5,e4e3dce9e83da56b345251a1a376f814"
                ],
                "decontaminated_reads": [
                    [
                        {
                            "id": "test",
                            "single_end": true
                        },
                        "test_interleaved.fq.gz:md5,d3e22fc7e4b3eaf6bb29f73c1db8ab67"
                    ]
                ],
                "versions": [
                    "versions.yml:md5,98561f4229a379b4f71eef3c21e66b48",
                    "versions.yml:md5,e4e3dce9e83da56b345251a1a376f814"
                ]
            }
        ],
        "timestamp": "2024-02-28T13:53:27.82003"
    },
    "Illumina paired_end decontamination with MGYG000317500": {
        "content": [
            {
                "0": [
                    [
                        {
                            "id": "test",
                            "single_end": false
                        },
                        [
                            "test_1.fq.gz:md5,8eaf1bcef3286c45c03044770aabb305",
                            "test_2.fq.gz:md5,819439578ddfdbb322aba906861689b3",
                            "test_other.fq.gz:md5,709872fc2910431b1e8b7074bfe38c67",
                            "test_singleton.fq.gz:md5,40e275e2b2556e7812f2700e0aa46ecf"
                        ]
                    ]
                ],
                "1": [
                    "versions.yml:md5,98561f4229a379b4f71eef3c21e66b48",
                    "versions.yml:md5,e4e3dce9e83da56b345251a1a376f814"
                ],
                "decontaminated_reads": [
                    [
                        {
                            "id": "test",
                            "single_end": false
                        },
                        [
                            "test_1.fq.gz:md5,8eaf1bcef3286c45c03044770aabb305",
                            "test_2.fq.gz:md5,819439578ddfdbb322aba906861689b3",
                            "test_other.fq.gz:md5,709872fc2910431b1e8b7074bfe38c67",
                            "test_singleton.fq.gz:md5,40e275e2b2556e7812f2700e0aa46ecf"
                        ]
                    ]
                ],
                "versions": [
                    "versions.yml:md5,98561f4229a379b4f71eef3c21e66b48",
                    "versions.yml:md5,e4e3dce9e83da56b345251a1a376f814"
                ]
            }
        ],
        "timestamp": "2024-02-28T13:53:15.083696"
    }
}