{
    "Illumina single_end decontamination with MGYG000317500": {
        "content": [
            {
                "0": [
                    [
                        {
                            "id": "test",
                            "single_end": true
                        },
                        "test_interleaved.fq.gz:md5,273909d939fd2e0919fb0b6293a78128"
                    ]
                ],
                "1": [
                    "versions.yml:md5,98561f4229a379b4f71eef3c21e66b48",
                    "versions.yml:md5,e4e3dce9e83da56b345251a1a376f814"
                ],
                "decontaminated_reads": [
                    [
                        {
                            "id": "test",
                            "single_end": true
                        },
                        "test_interleaved.fq.gz:md5,273909d939fd2e0919fb0b6293a78128"
                    ]
                ],
                "versions": [
                    "versions.yml:md5,98561f4229a379b4f71eef3c21e66b48",
                    "versions.yml:md5,e4e3dce9e83da56b345251a1a376f814"
                ]
            }
        ],
        "timestamp": "2024-02-28T12:57:16.205102996"
    },
    "Illumina paired_end decontamination with MGYG000317500": {
        "content": [
            {
                "0": [
                    [
                        {
                            "id": "test",
                            "single_end": false
                        },
                        [
                            "test_1.fq.gz:md5,376ebcb72b7859bdaf0417041ddc6ca7",
                            "test_2.fq.gz:md5,75db2027c9071c41f2a46a53b0aa311a",
                            "test_other.fq.gz:md5,d41d8cd98f00b204e9800998ecf8427e",
                            "test_singleton.fq.gz:md5,5f43a3bb2af2f46ead48e60e3bd304a0"
                        ]
                    ]
                ],
                "1": [
                    "versions.yml:md5,98561f4229a379b4f71eef3c21e66b48",
                    "versions.yml:md5,e4e3dce9e83da56b345251a1a376f814"
                ],
                "decontaminated_reads": [
                    [
                        {
                            "id": "test",
                            "single_end": false
                        },
                        [
                            "test_1.fq.gz:md5,376ebcb72b7859bdaf0417041ddc6ca7",
                            "test_2.fq.gz:md5,75db2027c9071c41f2a46a53b0aa311a",
                            "test_other.fq.gz:md5,d41d8cd98f00b204e9800998ecf8427e",
                            "test_singleton.fq.gz:md5,5f43a3bb2af2f46ead48e60e3bd304a0"
                        ]
                    ]
                ],
                "versions": [
                    "versions.yml:md5,98561f4229a379b4f71eef3c21e66b48",
                    "versions.yml:md5,e4e3dce9e83da56b345251a1a376f814"
                ]
            }
        ],
        "timestamp": "2024-02-28T12:56:43.027086741"
    }
}
