{
    "gaf_test_3": {
        "content": [
            true
        ],
        "timestamp": "2025-01-27T10:37:05.471621383",
        "meta": {
            "nf-test": "0.9.2",
            "nextflow": "24.10.4"
        }
    },
    "gaf_test_2": {
        "content": [
            true
        ],
        "timestamp": "2025-01-27T10:37:05.448280559",
        "meta": {
            "nf-test": "0.9.2",
            "nextflow": "24.10.4"
        }
    },
    "gaf_test_1": {
        "content": [
            true
        ],
        "timestamp": "2025-01-27T10:37:05.426270774",
        "meta": {
            "nf-test": "0.9.2",
            "nextflow": "24.10.4"
        }
    },
    "generategaf - stub": {
        "content": [
            {
                "0": [
                    [
                        {
                            "id": "test",
                            "single_end": false
                        },
                        "test_ips_annotations.gaf:md5,d41d8cd98f00b204e9800998ecf8427e"
                    ]
                ],
                "1": [
                    "versions.yml:md5,1a2942c3cb20e899ed47c31084d31679"
                ],
                "gaf": [
                    [
                        {
                            "id": "test",
                            "single_end": false
                        },
                        "test_ips_annotations.gaf:md5,d41d8cd98f00b204e9800998ecf8427e"
                    ]
                ],
                "versions": [
                    "versions.yml:md5,1a2942c3cb20e899ed47c31084d31679"
                ]
            }
        ],
        "timestamp": "2026-07-10T15:39:05.213949",
        "meta": {
            "nf-test": "0.9.5",
            "nextflow": "26.04.3"
        }
    }
}