{
    "gaf_test_3": {
        "content": [
            true
        ],
        "meta": {
            "nf-test": "0.9.2",
            "nextflow": "24.10.4"
        },
        "timestamp": "2025-01-27T10:37:05.471621383"
    },
    "gaf_test_2": {
        "content": [
            true
        ],
        "meta": {
            "nf-test": "0.9.2",
            "nextflow": "24.10.4"
        },
        "timestamp": "2025-01-27T10:37:05.448280559"
    },
    "gaf_test_1": {
        "content": [
            true
        ],
        "meta": {
            "nf-test": "0.9.2",
            "nextflow": "24.10.4"
        },
        "timestamp": "2025-01-27T10:37:05.426270774"
    },
    "generategaf - stub": {
        "content": [
            {
                "0": [
                    [
                        {
                            "id": "test",
                            "single_end": false
                        },
                        "test_ips_annotations.gaf:md5,d41d8cd98f00b204e9800998ecf8427e"
                    ]
                ],
                "1": [
                    "versions.yml:md5,53ff6fdbb93140587a50a5ed8aa4aa8f"
                ],
                "gaf": [
                    [
                        {
                            "id": "test",
                            "single_end": false
                        },
                        "test_ips_annotations.gaf:md5,d41d8cd98f00b204e9800998ecf8427e"
                    ]
                ],
                "versions": [
                    "versions.yml:md5,53ff6fdbb93140587a50a5ed8aa4aa8f"
                ]
            }
        ],
        "meta": {
            "nf-test": "0.9.2",
            "nextflow": "24.10.4"
        },
        "timestamp": "2025-01-27T10:37:11.463914247"
    }
}