{
    "Run the pipeline on the test dataset": {
        "content": [
            {
                "0": [
                    [
                        {
                            "id": "test"
                        },
                        "test.txt:md5,d3f900af84ca793924006fd2923c2468"
                    ]
                ],
                "1": [
                    [
                        {
                            "id": "test"
                        },
                        "test.contig2classification.txt:md5,a65813c054149642538768a45b57be0c"
                    ]
                ],
                "2": [
                    [
                        {
                            "id": "test"
                        },
                        "test.html:md5,2e78d202094fe7bebd3a163aa2116600"
                    ]
                ],
                "3": [
                    "versions.yml:md5,2325113dc53e34117c2db2c1a83a3197",
                    "versions.yml:md5,2541f761b303eba0a4d2a762f02f373b",
                    "versions.yml:md5,2f5912bb61bbe6225306fdc5d263520a",
                    "versions.yml:md5,356147dcf8c188490476c508a4c4c450"
                ],
                "contig2classification_tsv": [
                    [
                        {
                            "id": "test"
                        },
                        "test.contig2classification.txt:md5,a65813c054149642538768a45b57be0c"
                    ]
                ],
                "diamond_blast_tsv": [
                    [
                        {
                            "id": "test"
                        },
                        "test.txt:md5,d3f900af84ca793924006fd2923c2468"
                    ]
                ],
                "krona_html": [
                    [
                        {
                            "id": "test"
                        },
                        "test.html:md5,2e78d202094fe7bebd3a163aa2116600"
                    ]
                ],
                "versions": [
                    "versions.yml:md5,2325113dc53e34117c2db2c1a83a3197",
                    "versions.yml:md5,2541f761b303eba0a4d2a762f02f373b",
                    "versions.yml:md5,2f5912bb61bbe6225306fdc5d263520a",
                    "versions.yml:md5,356147dcf8c188490476c508a4c4c450"
                ]
            }
        ],
        "meta": {
            "nf-test": "0.9.0",
            "nextflow": "24.10.4"
        },
        "timestamp": "2025-03-24T14:05:48.536963"
    }
}