{
    "diamond_blast_tsv": {
        "content": [
            [
                [
                    {
                        "id": "test"
                    },
                    "test.txt:md5,d3f900af84ca793924006fd2923c2468"
                ]
            ]
        ],
        "meta": {
            "nf-test": "0.9.0",
            "nextflow": "24.10.4"
        },
        "timestamp": "2025-03-24T15:20:14.890404"
    },
    "contig2classification_tsv": {
        "content": [
            [
                [
                    {
                        "id": "test"
                    },
                    "test.contig2classification.txt:md5,a65813c054149642538768a45b57be0c"
                ]
            ]
        ],
        "meta": {
            "nf-test": "0.9.0",
            "nextflow": "24.10.4"
        },
        "timestamp": "2025-03-24T15:20:14.916609"
    },
    "html_contains_DOCTYPE_html_PUBLIC": {
        "content": [
            false
        ],
        "meta": {
            "nf-test": "0.9.0",
            "nextflow": "24.10.4"
        },
        "timestamp": "2025-03-24T15:20:14.95627"
    },
    "versions": {
        "content": [
            [
                "versions.yml:md5,2325113dc53e34117c2db2c1a83a3197",
                "versions.yml:md5,2f5912bb61bbe6225306fdc5d263520a",
                "versions.yml:md5,356147dcf8c188490476c508a4c4c450",
                "versions.yml:md5,9d2a7059394e210cf1a76782967052ae"
            ]
        ],
        "meta": {
            "nf-test": "0.9.2",
            "nextflow": "24.10.5"
        },
        "timestamp": "2025-03-27T22:24:38.855938"
    }
}